---
source: tests/migration.rs
expression: get_sponsorship_post_with_usd
---
{
  "post_version": "V0",
  "id": 5,
  "author_id": "devhub.near",
  "likes": [],
  "snapshot": {
    "editor_id": "devhub.near",
    "timestamp": "[timestamp]",
    "labels": [],
    "post_type": "Sponsorship",
    "sponsorship_version": "V1",
    "name": "Contributor fellowship",
    "description": "Funding approved",
    "sponsorship_token": "USD",
    "amount": "1000",
    "supervisor": "john.near"
  },
  "snapshot_history": []
}
